[11:14:55] A: PfPR-EIR curve
[11:16:07]    EIR 1 done (IBM realised EIR=1.0)
[11:17:15]    EIR 3 done (IBM realised EIR=3.1)
[11:18:28]    EIR 10 done (IBM realised EIR=10.0)
[11:19:44]    EIR 20 done (IBM realised EIR=20.2)
[11:21:05]    EIR 50 done (IBM realised EIR=50.1)
[11:22:30]    EIR 120 done (IBM realised EIR=122.9)
[11:22:31] B: age-prevalence profile @ EIR 20
[11:23:48] C: bed nets at year 30
[11:25:22] D: seasonality
[11:26:43] E: SMC
[11:28:05] F: custom demography
[11:29:25] ALL DONE in 14.5 min

=== Scenario A (PfPR2-10 vs EIR) ===
  init_EIR   IBM   ODE IBM_EIR
1        1 0.108 0.114   0.962
2        3 0.235 0.236   3.084
3       10 0.424 0.427   9.980
4       20 0.553 0.547  20.173
5       50 0.698 0.686  50.053
6      120 0.788 0.786 122.904

=== Scenario B (age profile @20) — abs diff summary ===
max |IBM-ODE| = 0.008, mean = 0.004

=== Scenario F structure — under-5 fraction ===
IBM=0.090 ODE=0.088
